Archive member included because of file (symbol)

../../BSP/Debug\libBSP.a(iis.o)
                              ./proyecto.o (iis_init)
../../BSP/Debug\libBSP.a(keypad.o)
                              ./proyecto.o (keypad_pressed)
../../BSP/Debug\libBSP.a(lcd.o)
                              ./proyecto.o (lcd_buffer)
../../BSP/Debug\libBSP.a(pbs.o)
                              ./proyecto.o (pb_scan)
../../BSP/Debug\libBSP.a(power.o)
                              ../../BSP/Debug\libBSP.a(iis.o) (power_on)
../../BSP/Debug\libBSP.a(system.o)
                              ./proyecto.o (sys_init)
../../BSP/Debug\libBSP.a(timers.o)
                              ./proyecto.o (timers_init)
../../BSP/Debug\libBSP.a(uart.o)
                              ./proyecto.o (uart0_init)
../../BSP/Debug\libBSP.a(uda1341ts.o)
                              ./proyecto.o (uda1341ts_init)
../../BSP/Debug\libBSP.a(dma.o)
                              ../../BSP/Debug\libBSP.a(iis.o) (bdma0_init)
../../BSP/Debug\libBSP.a(font8x16.o)
                              ../../BSP/Debug\libBSP.a(lcd.o) (font)
../../BSP/Debug\libBSP.a(l3.o)
                              ../../BSP/Debug\libBSP.a(uda1341ts.o) (L3_init)
../../BSP/Debug\libBSP.a(leds.o)
                              ../../BSP/Debug\libBSP.a(l3.o) (led_status)
../../BSP/Debug\libBSP.a(segs.o)
                              ../../BSP/Debug\libBSP.a(system.o) (segs_init)
c:/eclipsearm/eclipsearm/sourcery-g++-lite-arm-2011.03/bin/../lib/gcc/arm-none-eabi/4.5.2\libgcc.a(_udivsi3.o)
                              ../../BSP/Debug\libBSP.a(timers.o) (__aeabi_uidiv)
c:/eclipsearm/eclipsearm/sourcery-g++-lite-arm-2011.03/bin/../lib/gcc/arm-none-eabi/4.5.2\libgcc.a(_dvmd_tls.o)
                              c:/eclipsearm/eclipsearm/sourcery-g++-lite-arm-2011.03/bin/../lib/gcc/arm-none-eabi/4.5.2\libgcc.a(_udivsi3.o) (__aeabi_idiv0)
c:/eclipsearm/eclipsearm/sourcery-g++-lite-arm-2011.03/bin/../lib/gcc/arm-none-eabi/4.5.2\libgcc.a(_aeabi_uldivmod.o)
                              ../../BSP/Debug\libBSP.a(timers.o) (__aeabi_uldivmod)
c:/eclipsearm/eclipsearm/sourcery-g++-lite-arm-2011.03/bin/../lib/gcc/arm-none-eabi/4.5.2\libgcc.a(bpabi.o)
                              c:/eclipsearm/eclipsearm/sourcery-g++-lite-arm-2011.03/bin/../lib/gcc/arm-none-eabi/4.5.2\libgcc.a(_aeabi_uldivmod.o) (__gnu_uldivmod_helper)
c:/eclipsearm/eclipsearm/sourcery-g++-lite-arm-2011.03/bin/../lib/gcc/arm-none-eabi/4.5.2\libgcc.a(_divdi3.o)
                              c:/eclipsearm/eclipsearm/sourcery-g++-lite-arm-2011.03/bin/../lib/gcc/arm-none-eabi/4.5.2\libgcc.a(bpabi.o) (__divdi3)
c:/eclipsearm/eclipsearm/sourcery-g++-lite-arm-2011.03/bin/../lib/gcc/arm-none-eabi/4.5.2\libgcc.a(_udivdi3.o)
                              c:/eclipsearm/eclipsearm/sourcery-g++-lite-arm-2011.03/bin/../lib/gcc/arm-none-eabi/4.5.2\libgcc.a(bpabi.o) (__udivdi3)
c:/eclipsearm/eclipsearm/sourcery-g++-lite-arm-2011.03/bin/../lib/gcc/arm-none-eabi/4.5.2\libgcc.a(_clzsi2.o)
                              c:/eclipsearm/eclipsearm/sourcery-g++-lite-arm-2011.03/bin/../lib/gcc/arm-none-eabi/4.5.2\libgcc.a(_divdi3.o) (__clzsi2)

Allocating common symbols
Common symbol       size              file

dummyPos            0x1               ./proyecto.o
caida               0x1               ./proyecto.o
win_game            0x1               ./proyecto.o
finalizar           0x1               ./proyecto.o
scancode            0x4               ./proyecto.o
flagPbs             0x1               ./proyecto.o
fifo                0x808             ./proyecto.o
gameOver            0x1               ./proyecto.o
music               0x1               ./proyecto.o
count               0x2               ./proyecto.o
lose_game           0x1               ./proyecto.o
firemanPos          0x1               ./proyecto.o

Memory Configuration

Name             Origin             Length             Attributes
*default*        0x00000000         0xffffffff

Linker script and memory map

LOAD ./proyecto.o
LOAD ../../BSP/Debug\libBSP.a
START GROUP
LOAD c:/eclipsearm/eclipsearm/sourcery-g++-lite-arm-2011.03/bin/../lib/gcc/arm-none-eabi/4.5.2\libgcc.a
LOAD c:/eclipsearm/eclipsearm/sourcery-g++-lite-arm-2011.03/bin/../lib/gcc/arm-none-eabi/4.5.2/../../../../arm-none-eabi/lib\libc.a
END GROUP
                0x0c100000                . = 0xc100000
                0x0c100000                _image_start = .
                0x0c100000                _code_start = .

.text           0x0c100000     0x770c
 *(.text)
 .text          0x0c100000     0x1430 ./proyecto.o
                0x0c100000                main
                0x0c1002c0                dummy_init
                0x0c1002f8                dummy_move
                0x0c100488                count_init
                0x0c1004cc                count_inc
                0x0c100540                isr_tick
                0x0c100600                sprite_plot
                0x0c100698                sprite_clear
                0x0c10070c                lcd_putBmp
                0x0c1008a8                lcd_clearWindow
                0x0c10094c                fifo_init
                0x0c10098c                fifo_enqueue
                0x0c100a48                fifo_dequeue
                0x0c100b08                fifo_is_empty
                0x0c100b48                fifo_is_full
                0x0c100b90                init_fireman
                0x0c100bd0                teclaMoveFireman
                0x0c100d6c                draw_life
                0x0c100dd8                lose_life
                0x0c100f68                start_game
                0x0c100fa0                start_play
                0x0c10112c                exit_game
                0x0c101180                win
                0x0c1011ec                lose
                0x0c101258                initMusic
                0x0c101298                pulsador
                0x0c101340                isr_pbs
 .text          0x0c101430      0x730 ../../BSP/Debug\libBSP.a(iis.o)
                0x0c101430                iis_init
                0x0c1015bc                iis_putSample
                0x0c101624                iis_getSample
                0x0c101698                iis_play
                0x0c101848                iis_rec
                0x0c1019c4                iis_pause
                0x0c1019f4                iis_continue
                0x0c101a24                iis_status
                0x0c101a58                iis_playWawFile
 .text          0x0c101b60      0x590 ../../BSP/Debug\libBSP.a(keypad.o)
                0x0c101b60                keypad_scan
                0x0c101d84                keypad_pressed
                0x0c101dc0                keypad_getchartime
                0x0c101e68                keypad_timeout_getchar
                0x0c101f58                keypad_open
                0x0c101fb0                keypad_close
                0x0c101ff4                keypad_init
                0x0c10207c                keypad_getchar
 .text          0x0c1020f0     0x13e4 ../../BSP/Debug\libBSP.a(lcd.o)
                0x0c1020f0                lcd_init
                0x0c1022a0                lcd_on
                0x0c1022dc                lcd_off
                0x0c102318                lcd_status
                0x0c102340                lcd_clear
                0x0c1023a0                lcd_putpixel
                0x0c10248c                lcd_getpixel
                0x0c102528                lcd_draw_hline
                0x0c102680                lcd_draw_vline
                0x0c1027d8                lcd_draw_box
                0x0c1028d0                lcd_putchar
                0x0c102b4c                lcd_puts
                0x0c102bc0                lcd_putint
                0x0c102d3c                lcd_puthex
                0x0c102e1c                lcd_putchar_x2
                0x0c1030a8                lcd_puts_x2
                0x0c10311c                lcd_putint_x2
                0x0c103298                lcd_puthex_x2
                0x0c103378                lcd_putWallpaper
 .text          0x0c1034d4      0x3dc ../../BSP/Debug\libBSP.a(pbs.o)
                0x0c1034d4                pbs_init
                0x0c103544                pb_scan
                0x0c1035a0                pb_pressed
                0x0c1035f8                pb_getchar
                0x0c10366c                pb_getchartime
                0x0c103714                pb_timeout_getchar
                0x0c103804                pbs_open
                0x0c10386c                pbs_close
 .text          0x0c1038b0      0x214 ../../BSP/Debug\libBSP.a(power.o)
                0x0c1038b0                power_on
                0x0c103990                power_off
                0x0c103a74                power_status
 .text          0x0c103ac4     0x1818 ../../BSP/Debug\libBSP.a(system.o)
                0x0c103ac4                sys_init
                0x0c1043a0                isr_SWI_dummy
                0x0c1043e0                isr_UNDEF_dummy
                0x0c104420                isr_IRQ_dummy
                0x0c104468                isr_FIQ_dummy
                0x0c1044b0                isr_PABORT_dummy
                0x0c1044f8                isr_DABORT_dummy
                0x0c104540                isr_ADC_dummy
                0x0c104588                isr_RTC_dummy
                0x0c1045d0                isr_UTXD1_dummy
                0x0c104618                isr_UTXD0_dummy
                0x0c104660                isr_SIO_dummy
                0x0c1046a8                isr_IIC_dummy
                0x0c1046f0                isr_URXD1_dummy
                0x0c104738                isr_URXD0_dummy
                0x0c104780                isr_TIMER5_dummy
                0x0c1047c8                isr_TIMER4_dummy
                0x0c104810                isr_TIMER3_dummy
                0x0c104858                isr_TIMER2_dummy
                0x0c1048a0                isr_TIMER1_dummy
                0x0c1048e8                isr_TIMER0_dummy
                0x0c104930                isr_UERR01_dummy
                0x0c104978                isr_WDT_dummy
                0x0c1049c0                isr_BDMA1_dummy
                0x0c104a08                isr_BDMA0_dummy
                0x0c104a50                isr_ZDMA1_dummy
                0x0c104a98                isr_ZDMA0_dummy
                0x0c104ae0                isr_TICK_dummy
                0x0c104b28                isr_PB_dummy
                0x0c104b70                isr_ETHERNET_dummy
                0x0c104bb8                isr_TS_dummy
                0x0c104c00                isr_KEYPAD_dummy
                0x0c104c48                isr_USB_dummy
                0x0c105138                getmem
                0x0c105298                sleep
 .text          0x0c1052dc      0xad4 ../../BSP/Debug\libBSP.a(timers.o)
                0x0c1052dc                timers_init
                0x0c1054a4                timer3_delay_ms
                0x0c1055a4                sw_delay_ms
                0x0c1055fc                timer3_delay_s
                0x0c1056f8                sw_delay_s
                0x0c105750                timer3_start
                0x0c10582c                timer3_stop
                0x0c105880                timer3_start_timeout
                0x0c105964                timer3_timeout
                0x0c1059a0                timer0_open_tick
                0x0c105bf8                timer0_open_ms
                0x0c105d1c                timer0_close
 .text          0x0c105db0      0x5e8 ../../BSP/Debug\libBSP.a(uart.o)
                0x0c105db0                uart0_init
                0x0c105e50                uart0_putchar
                0x0c105ea0                uart0_getchar
                0x0c105ef0                uart0_puts
                0x0c105f40                uart0_putint
                0x0c106094                uart0_puthex
                0x0c10614c                uart0_gets
                0x0c1061ac                uart0_getint
                0x0c106284                uart0_gethex
 .text          0x0c106398      0x2b0 ../../BSP/Debug\libBSP.a(uda1341ts.o)
                0x0c106398                uda1341ts_init
                0x0c106414                uda1341ts_mute
                0x0c106468                uda1341ts_on
                0x0c1064dc                uda1341ts_off
                0x0c106560                uda1341ts_status
                0x0c1065bc                uda1341ts_setvol
                0x0c106620                uda1341ts_getvol
 .text          0x0c106648       0xfc ../../BSP/Debug\libBSP.a(dma.o)
                0x0c106648                bdma0_init
                0x0c1066a4                bdma0_open
                0x0c106700                bdma0_close
 .text          0x0c106744        0x0 ../../BSP/Debug\libBSP.a(font8x16.o)
 .text          0x0c106744      0x274 ../../BSP/Debug\libBSP.a(l3.o)
                0x0c106744                L3_init
                0x0c106804                L3_putByte
 .text          0x0c1069b8      0x168 ../../BSP/Debug\libBSP.a(leds.o)
                0x0c1069b8                leds_init
                0x0c106a00                led_on
                0x0c106a48                led_off
                0x0c106a8c                led_toggle
                0x0c106ad0                led_status
 .text          0x0c106b20       0xf4 ../../BSP/Debug\libBSP.a(segs.o)
                0x0c106b20                segs_init
                0x0c106b5c                segs_off
                0x0c106b94                segs_putchar
                0x0c106bec                segs_status
 .text          0x0c106c14      0x114 c:/eclipsearm/eclipsearm/sourcery-g++-lite-arm-2011.03/bin/../lib/gcc/arm-none-eabi/4.5.2\libgcc.a(_udivsi3.o)
                0x0c106c14                __aeabi_uidiv
                0x0c106c14                __udivsi3
                0x0c106d08                __aeabi_uidivmod
 .text          0x0c106d28        0x4 c:/eclipsearm/eclipsearm/sourcery-g++-lite-arm-2011.03/bin/../lib/gcc/arm-none-eabi/4.5.2\libgcc.a(_dvmd_tls.o)
                0x0c106d28                __aeabi_idiv0
                0x0c106d28                __aeabi_ldiv0
 .text          0x0c106d2c       0x3c c:/eclipsearm/eclipsearm/sourcery-g++-lite-arm-2011.03/bin/../lib/gcc/arm-none-eabi/4.5.2\libgcc.a(_aeabi_uldivmod.o)
                0x0c106d2c                __aeabi_uldivmod
 .text          0x0c106d68       0x80 c:/eclipsearm/eclipsearm/sourcery-g++-lite-arm-2011.03/bin/../lib/gcc/arm-none-eabi/4.5.2\libgcc.a(bpabi.o)
                0x0c106d68                __gnu_ldivmod_helper
                0x0c106da8                __gnu_uldivmod_helper
 .text          0x0c106de8      0x4a8 c:/eclipsearm/eclipsearm/sourcery-g++-lite-arm-2011.03/bin/../lib/gcc/arm-none-eabi/4.5.2\libgcc.a(_divdi3.o)
                0x0c106de8                __divdi3
 .text          0x0c107290      0x434 c:/eclipsearm/eclipsearm/sourcery-g++-lite-arm-2011.03/bin/../lib/gcc/arm-none-eabi/4.5.2\libgcc.a(_udivdi3.o)
                0x0c107290                __udivdi3
 .text          0x0c1076c4       0x48 c:/eclipsearm/eclipsearm/sourcery-g++-lite-arm-2011.03/bin/../lib/gcc/arm-none-eabi/4.5.2\libgcc.a(_clzsi2.o)
                0x0c1076c4                __clzsi2
                0x0c10770c                _code_end = .
                0x0000770c                _code_size = SIZEOF (.text)
                0x0c10770c                _data_start = .

.glue_7         0x0c10770c        0x0
 .glue_7        0x00000000        0x0 linker stubs

.glue_7t        0x0c10770c        0x0
 .glue_7t       0x00000000        0x0 linker stubs

.vfp11_veneer   0x0c10770c        0x0
 .vfp11_veneer  0x00000000        0x0 linker stubs

.v4_bx          0x0c10770c        0x0
 .v4_bx         0x00000000        0x0 linker stubs

.rodata         0x0c10770c     0x1a68
 *(.rodata)
 .rodata        0x0c10770c      0x370 ./proyecto.o
                0x0c10770c                firemen
                0x0c10772c                dummy
                0x0c1077cc                crash
                0x0c1077ec                life
 .rodata        0x0c107a7c      0x6e8 ../../BSP/Debug\libBSP.a(system.o)
 .rodata        0x0c108164     0x1000 ../../BSP/Debug\libBSP.a(font8x16.o)
                0x0c108164                font
 .rodata        0x0c109164       0x10 ../../BSP/Debug\libBSP.a(segs.o)

.ARM.extab      0x0c109174        0x0
 .ARM.extab     0x0c109174        0x0 c:/eclipsearm/eclipsearm/sourcery-g++-lite-arm-2011.03/bin/../lib/gcc/arm-none-eabi/4.5.2\libgcc.a(_divdi3.o)
 .ARM.extab     0x0c109174        0x0 c:/eclipsearm/eclipsearm/sourcery-g++-lite-arm-2011.03/bin/../lib/gcc/arm-none-eabi/4.5.2\libgcc.a(_udivdi3.o)

.ARM.exidx      0x0c109174        0x8
 .ARM.exidx     0x0c109174        0x8 c:/eclipsearm/eclipsearm/sourcery-g++-lite-arm-2011.03/bin/../lib/gcc/arm-none-eabi/4.5.2\libgcc.a(_divdi3.o)
 .ARM.exidx     0x0c10917c        0x0 c:/eclipsearm/eclipsearm/sourcery-g++-lite-arm-2011.03/bin/../lib/gcc/arm-none-eabi/4.5.2\libgcc.a(_udivdi3.o)
                                  0x8 (size before relaxing)

.data           0x0c10917c       0x18
 *(.data)
 .data          0x0c10917c        0x6 ./proyecto.o
 .data          0x0c109182        0x0 ../../BSP/Debug\libBSP.a(iis.o)
 .data          0x0c109182        0x0 ../../BSP/Debug\libBSP.a(keypad.o)
 .data          0x0c109182        0x0 ../../BSP/Debug\libBSP.a(lcd.o)
 .data          0x0c109182        0x0 ../../BSP/Debug\libBSP.a(pbs.o)
 .data          0x0c109182        0x0 ../../BSP/Debug\libBSP.a(power.o)
 *fill*         0x0c109182        0x2 00
 .data          0x0c109184       0x10 ../../BSP/Debug\libBSP.a(system.o)
                0x0c10918c                mclk
 .data          0x0c109194        0x0 ../../BSP/Debug\libBSP.a(timers.o)
 .data          0x0c109194        0x0 ../../BSP/Debug\libBSP.a(uart.o)
 .data          0x0c109194        0x0 ../../BSP/Debug\libBSP.a(uda1341ts.o)
 .data          0x0c109194        0x0 ../../BSP/Debug\libBSP.a(dma.o)
 .data          0x0c109194        0x0 ../../BSP/Debug\libBSP.a(font8x16.o)
 .data          0x0c109194        0x0 ../../BSP/Debug\libBSP.a(l3.o)
 .data          0x0c109194        0x0 ../../BSP/Debug\libBSP.a(leds.o)
 .data          0x0c109194        0x0 ../../BSP/Debug\libBSP.a(segs.o)
 .data          0x0c109194        0x0 c:/eclipsearm/eclipsearm/sourcery-g++-lite-arm-2011.03/bin/../lib/gcc/arm-none-eabi/4.5.2\libgcc.a(_udivsi3.o)
 .data          0x0c109194        0x0 c:/eclipsearm/eclipsearm/sourcery-g++-lite-arm-2011.03/bin/../lib/gcc/arm-none-eabi/4.5.2\libgcc.a(_dvmd_tls.o)
 .data          0x0c109194        0x0 c:/eclipsearm/eclipsearm/sourcery-g++-lite-arm-2011.03/bin/../lib/gcc/arm-none-eabi/4.5.2\libgcc.a(_aeabi_uldivmod.o)
 .data          0x0c109194        0x0 c:/eclipsearm/eclipsearm/sourcery-g++-lite-arm-2011.03/bin/../lib/gcc/arm-none-eabi/4.5.2\libgcc.a(bpabi.o)
 .data          0x0c109194        0x0 c:/eclipsearm/eclipsearm/sourcery-g++-lite-arm-2011.03/bin/../lib/gcc/arm-none-eabi/4.5.2\libgcc.a(_divdi3.o)
 .data          0x0c109194        0x0 c:/eclipsearm/eclipsearm/sourcery-g++-lite-arm-2011.03/bin/../lib/gcc/arm-none-eabi/4.5.2\libgcc.a(_udivdi3.o)
 .data          0x0c109194        0x0 c:/eclipsearm/eclipsearm/sourcery-g++-lite-arm-2011.03/bin/../lib/gcc/arm-none-eabi/4.5.2\libgcc.a(_clzsi2.o)

.lcdbuffer      0x0c109194     0x9600
 .lcdbuffer     0x0c109194     0x9600 ../../BSP/Debug\libBSP.a(lcd.o)
                0x0c109194                lcd_buffer

.bss            0x0c112794      0x85e
 *(.bss)
 .bss           0x0c112794        0x1 ./proyecto.o
                0x0c112794                hearts
 .bss           0x0c112795        0x1 ../../BSP/Debug\libBSP.a(iis.o)
 .bss           0x0c112796        0x0 ../../BSP/Debug\libBSP.a(keypad.o)
 *fill*         0x0c112796        0x2 00
 .bss           0x0c112798       0x34 ../../BSP/Debug\libBSP.a(lcd.o)
 .bss           0x0c1127cc        0x0 ../../BSP/Debug\libBSP.a(pbs.o)
 .bss           0x0c1127cc        0x0 ../../BSP/Debug\libBSP.a(power.o)
 .bss           0x0c1127cc        0x0 ../../BSP/Debug\libBSP.a(system.o)
 .bss           0x0c1127cc        0x8 ../../BSP/Debug\libBSP.a(timers.o)
 .bss           0x0c1127d4        0x0 ../../BSP/Debug\libBSP.a(uart.o)
 .bss           0x0c1127d4        0x2 ../../BSP/Debug\libBSP.a(uda1341ts.o)
 .bss           0x0c1127d6        0x0 ../../BSP/Debug\libBSP.a(dma.o)
 .bss           0x0c1127d6        0x0 ../../BSP/Debug\libBSP.a(font8x16.o)
 .bss           0x0c1127d6        0x0 ../../BSP/Debug\libBSP.a(l3.o)
 .bss           0x0c1127d6        0x0 ../../BSP/Debug\libBSP.a(leds.o)
 .bss           0x0c1127d6        0x1 ../../BSP/Debug\libBSP.a(segs.o)
 .bss           0x0c1127d7        0x0 c:/eclipsearm/eclipsearm/sourcery-g++-lite-arm-2011.03/bin/../lib/gcc/arm-none-eabi/4.5.2\libgcc.a(_udivsi3.o)
 .bss           0x0c1127d7        0x0 c:/eclipsearm/eclipsearm/sourcery-g++-lite-arm-2011.03/bin/../lib/gcc/arm-none-eabi/4.5.2\libgcc.a(_dvmd_tls.o)
 .bss           0x0c1127d7        0x0 c:/eclipsearm/eclipsearm/sourcery-g++-lite-arm-2011.03/bin/../lib/gcc/arm-none-eabi/4.5.2\libgcc.a(_aeabi_uldivmod.o)
 .bss           0x0c1127d7        0x0 c:/eclipsearm/eclipsearm/sourcery-g++-lite-arm-2011.03/bin/../lib/gcc/arm-none-eabi/4.5.2\libgcc.a(bpabi.o)
 .bss           0x0c1127d7        0x0 c:/eclipsearm/eclipsearm/sourcery-g++-lite-arm-2011.03/bin/../lib/gcc/arm-none-eabi/4.5.2\libgcc.a(_divdi3.o)
 .bss           0x0c1127d7        0x0 c:/eclipsearm/eclipsearm/sourcery-g++-lite-arm-2011.03/bin/../lib/gcc/arm-none-eabi/4.5.2\libgcc.a(_udivdi3.o)
 .bss           0x0c1127d7        0x0 c:/eclipsearm/eclipsearm/sourcery-g++-lite-arm-2011.03/bin/../lib/gcc/arm-none-eabi/4.5.2\libgcc.a(_clzsi2.o)
 *fill*         0x0c1127d7        0x1 00
 COMMON         0x0c1127d8      0x81a ./proyecto.o
                0x0c1127d8                dummyPos
                0x0c1127d9                caida
                0x0c1127da                win_game
                0x0c1127db                finalizar
                0x0c1127dc                scancode
                0x0c1127e0                flagPbs
                0x0c1127e4                fifo
                0x0c112fec                gameOver
                0x0c112fed                music
                0x0c112fee                count
                0x0c112ff0                lose_game
                0x0c112ff1                firemanPos
                0x0c112ff2                _data_end = .
                0x000022de                _data_size = ((SIZEOF (.rodata) + SIZEOF (.data)) + SIZEOF (.bss))
                0x000099ea                _total_size = (_code_size + _data_size)
                0x0c112ff2                _image_end = .
                0x0c112ff2                end = .
OUTPUT(proyecto.elf elf32-littlearm)

.debug_abbrev   0x00000000      0xd33
 .debug_abbrev  0x00000000      0x1c0 ./proyecto.o
 .debug_abbrev  0x000001c0       0xd4 ../../BSP/Debug\libBSP.a(iis.o)
 .debug_abbrev  0x00000294       0xe9 ../../BSP/Debug\libBSP.a(keypad.o)
 .debug_abbrev  0x0000037d      0x16f ../../BSP/Debug\libBSP.a(lcd.o)
 .debug_abbrev  0x000004ec       0xc3 ../../BSP/Debug\libBSP.a(pbs.o)
 .debug_abbrev  0x000005af       0x76 ../../BSP/Debug\libBSP.a(power.o)
 .debug_abbrev  0x00000625      0x186 ../../BSP/Debug\libBSP.a(system.o)
 .debug_abbrev  0x000007ab       0xee ../../BSP/Debug\libBSP.a(timers.o)
 .debug_abbrev  0x00000899      0x11c ../../BSP/Debug\libBSP.a(uart.o)
 .debug_abbrev  0x000009b5       0xc2 ../../BSP/Debug\libBSP.a(uda1341ts.o)
 .debug_abbrev  0x00000a77       0x84 ../../BSP/Debug\libBSP.a(dma.o)
 .debug_abbrev  0x00000afb       0x63 ../../BSP/Debug\libBSP.a(font8x16.o)
 .debug_abbrev  0x00000b5e       0x97 ../../BSP/Debug\libBSP.a(l3.o)
 .debug_abbrev  0x00000bf5       0x8b ../../BSP/Debug\libBSP.a(leds.o)
 .debug_abbrev  0x00000c80       0xb3 ../../BSP/Debug\libBSP.a(segs.o)

.debug_info     0x00000000     0x2bd8
 .debug_info    0x00000000      0x89d ./proyecto.o
 .debug_info    0x0000089d      0x2ac ../../BSP/Debug\libBSP.a(iis.o)
 .debug_info    0x00000b49      0x1c2 ../../BSP/Debug\libBSP.a(keypad.o)
 .debug_info    0x00000d0b      0x75d ../../BSP/Debug\libBSP.a(lcd.o)
 .debug_info    0x00001468      0x1b3 ../../BSP/Debug\libBSP.a(pbs.o)
 .debug_info    0x0000161b       0xf0 ../../BSP/Debug\libBSP.a(power.o)
 .debug_info    0x0000170b      0x8d5 ../../BSP/Debug\libBSP.a(system.o)
 .debug_info    0x00001fe0      0x2b7 ../../BSP/Debug\libBSP.a(timers.o)
 .debug_info    0x00002297      0x2bf ../../BSP/Debug\libBSP.a(uart.o)
 .debug_info    0x00002556      0x188 ../../BSP/Debug\libBSP.a(uda1341ts.o)
 .debug_info    0x000026de       0xc7 ../../BSP/Debug\libBSP.a(dma.o)
 .debug_info    0x000027a5       0x95 ../../BSP/Debug\libBSP.a(font8x16.o)
 .debug_info    0x0000283a      0x159 ../../BSP/Debug\libBSP.a(l3.o)
 .debug_info    0x00002993      0x12d ../../BSP/Debug\libBSP.a(leds.o)
 .debug_info    0x00002ac0      0x118 ../../BSP/Debug\libBSP.a(segs.o)

.debug_line     0x00000000     0x12bb
 .debug_line    0x00000000      0x2bc ./proyecto.o
 .debug_line    0x000002bc      0x13e ../../BSP/Debug\libBSP.a(iis.o)
 .debug_line    0x000003fa      0x153 ../../BSP/Debug\libBSP.a(keypad.o)
 .debug_line    0x0000054d      0x298 ../../BSP/Debug\libBSP.a(lcd.o)
 .debug_line    0x000007e5      0x12d ../../BSP/Debug\libBSP.a(pbs.o)
 .debug_line    0x00000912       0x99 ../../BSP/Debug\libBSP.a(power.o)
 .debug_line    0x000009ab      0x280 ../../BSP/Debug\libBSP.a(system.o)
 .debug_line    0x00000c2b      0x194 ../../BSP/Debug\libBSP.a(timers.o)
 .debug_line    0x00000dbf      0x15a ../../BSP/Debug\libBSP.a(uart.o)
 .debug_line    0x00000f19       0xba ../../BSP/Debug\libBSP.a(uda1341ts.o)
 .debug_line    0x00000fd3       0x9c ../../BSP/Debug\libBSP.a(dma.o)
 .debug_line    0x0000106f       0x56 ../../BSP/Debug\libBSP.a(font8x16.o)
 .debug_line    0x000010c5       0xc2 ../../BSP/Debug\libBSP.a(l3.o)
 .debug_line    0x00001187       0x94 ../../BSP/Debug\libBSP.a(leds.o)
 .debug_line    0x0000121b       0xa0 ../../BSP/Debug\libBSP.a(segs.o)

.debug_macinfo  0x00000000    0x42dcf
 .debug_macinfo
                0x00000000     0x56a0 ./proyecto.o
 .debug_macinfo
                0x000056a0     0x4e3a ../../BSP/Debug\libBSP.a(iis.o)
 .debug_macinfo
                0x0000a4da     0x50a2 ../../BSP/Debug\libBSP.a(keypad.o)
 .debug_macinfo
                0x0000f57c     0x44c8 ../../BSP/Debug\libBSP.a(lcd.o)
 .debug_macinfo
                0x00013a44     0x4e2a ../../BSP/Debug\libBSP.a(pbs.o)
 .debug_macinfo
                0x0001886e     0x4394 ../../BSP/Debug\libBSP.a(power.o)
 .debug_macinfo
                0x0001cc02     0x567c ../../BSP/Debug\libBSP.a(system.o)
 .debug_macinfo
                0x0002227e     0x4db4 ../../BSP/Debug\libBSP.a(timers.o)
 .debug_macinfo
                0x00027032     0x539e ../../BSP/Debug\libBSP.a(uart.o)
 .debug_macinfo
                0x0002c3d0     0x244e ../../BSP/Debug\libBSP.a(uda1341ts.o)
 .debug_macinfo
                0x0002e81e     0x4d87 ../../BSP/Debug\libBSP.a(dma.o)
 .debug_macinfo
                0x000335a5     0x2339 ../../BSP/Debug\libBSP.a(font8x16.o)
 .debug_macinfo
                0x000358de     0x4392 ../../BSP/Debug\libBSP.a(l3.o)
 .debug_macinfo
                0x00039c70     0x43c5 ../../BSP/Debug\libBSP.a(leds.o)
 .debug_macinfo
                0x0003e035     0x4d9a ../../BSP/Debug\libBSP.a(segs.o)

.debug_loc      0x00000000     0x1b28
 .debug_loc     0x00000000      0x4a4 ./proyecto.o
 .debug_loc     0x000004a4      0x1b8 ../../BSP/Debug\libBSP.a(iis.o)
 .debug_loc     0x0000065c      0x160 ../../BSP/Debug\libBSP.a(keypad.o)
 .debug_loc     0x000007bc      0x344 ../../BSP/Debug\libBSP.a(lcd.o)
 .debug_loc     0x00000b00      0x160 ../../BSP/Debug\libBSP.a(pbs.o)
 .debug_loc     0x00000c60       0x84 ../../BSP/Debug\libBSP.a(power.o)
 .debug_loc     0x00000ce4      0x6e0 ../../BSP/Debug\libBSP.a(system.o)
 .debug_loc     0x000013c4      0x23c ../../BSP/Debug\libBSP.a(timers.o)
 .debug_loc     0x00001600      0x18c ../../BSP/Debug\libBSP.a(uart.o)
 .debug_loc     0x0000178c      0x134 ../../BSP/Debug\libBSP.a(uda1341ts.o)
 .debug_loc     0x000018c0       0x84 ../../BSP/Debug\libBSP.a(dma.o)
 .debug_loc     0x00001944       0x58 ../../BSP/Debug\libBSP.a(l3.o)
 .debug_loc     0x0000199c       0xdc ../../BSP/Debug\libBSP.a(leds.o)
 .debug_loc     0x00001a78       0xb0 ../../BSP/Debug\libBSP.a(segs.o)

.debug_pubnames
                0x00000000      0xbd8
 .debug_pubnames
                0x00000000      0x266 ./proyecto.o
 .debug_pubnames
                0x00000266       0x9e ../../BSP/Debug\libBSP.a(iis.o)
 .debug_pubnames
                0x00000304       0xab ../../BSP/Debug\libBSP.a(keypad.o)
 .debug_pubnames
                0x000003af      0x152 ../../BSP/Debug\libBSP.a(lcd.o)
 .debug_pubnames
                0x00000501       0x8e ../../BSP/Debug\libBSP.a(pbs.o)
 .debug_pubnames
                0x0000058f       0x3e ../../BSP/Debug\libBSP.a(power.o)
 .debug_pubnames
                0x000005cd      0x2b1 ../../BSP/Debug\libBSP.a(system.o)
 .debug_pubnames
                0x0000087e       0xee ../../BSP/Debug\libBSP.a(timers.o)
 .debug_pubnames
                0x0000096c       0xa7 ../../BSP/Debug\libBSP.a(uart.o)
 .debug_pubnames
                0x00000a13       0x9a ../../BSP/Debug\libBSP.a(uda1341ts.o)
 .debug_pubnames
                0x00000aad       0x40 ../../BSP/Debug\libBSP.a(dma.o)
 .debug_pubnames
                0x00000aed       0x1b ../../BSP/Debug\libBSP.a(font8x16.o)
 .debug_pubnames
                0x00000b08       0x2d ../../BSP/Debug\libBSP.a(l3.o)
 .debug_pubnames
                0x00000b35       0x55 ../../BSP/Debug\libBSP.a(leds.o)
 .debug_pubnames
                0x00000b8a       0x4e ../../BSP/Debug\libBSP.a(segs.o)

.debug_pubtypes
                0x00000000      0x2ff
 .debug_pubtypes
                0x00000000       0x93 ./proyecto.o
 .debug_pubtypes
                0x00000093       0x31 ../../BSP/Debug\libBSP.a(iis.o)
 .debug_pubtypes
                0x000000c4       0x32 ../../BSP/Debug\libBSP.a(keypad.o)
 .debug_pubtypes
                0x000000f6       0x3c ../../BSP/Debug\libBSP.a(lcd.o)
 .debug_pubtypes
                0x00000132       0x32 ../../BSP/Debug\libBSP.a(pbs.o)
 .debug_pubtypes
                0x00000164       0x27 ../../BSP/Debug\libBSP.a(power.o)
 .debug_pubtypes
                0x0000018b       0x27 ../../BSP/Debug\libBSP.a(system.o)
 .debug_pubtypes
                0x000001b2       0x3d ../../BSP/Debug\libBSP.a(timers.o)
 .debug_pubtypes
                0x000001ef       0x3d ../../BSP/Debug\libBSP.a(uart.o)
 .debug_pubtypes
                0x0000022c       0x1c ../../BSP/Debug\libBSP.a(uda1341ts.o)
 .debug_pubtypes
                0x00000248       0x1d ../../BSP/Debug\libBSP.a(dma.o)
 .debug_pubtypes
                0x00000265       0x1c ../../BSP/Debug\libBSP.a(font8x16.o)
 .debug_pubtypes
                0x00000281       0x30 ../../BSP/Debug\libBSP.a(l3.o)
 .debug_pubtypes
                0x000002b1       0x27 ../../BSP/Debug\libBSP.a(leds.o)
 .debug_pubtypes
                0x000002d8       0x27 ../../BSP/Debug\libBSP.a(segs.o)

.debug_aranges  0x00000000      0x1c0
 .debug_aranges
                0x00000000       0x20 ./proyecto.o
 .debug_aranges
                0x00000020       0x20 ../../BSP/Debug\libBSP.a(iis.o)
 .debug_aranges
                0x00000040       0x20 ../../BSP/Debug\libBSP.a(keypad.o)
 .debug_aranges
                0x00000060       0x20 ../../BSP/Debug\libBSP.a(lcd.o)
 .debug_aranges
                0x00000080       0x20 ../../BSP/Debug\libBSP.a(pbs.o)
 .debug_aranges
                0x000000a0       0x20 ../../BSP/Debug\libBSP.a(power.o)
 .debug_aranges
                0x000000c0       0x20 ../../BSP/Debug\libBSP.a(system.o)
 .debug_aranges
                0x000000e0       0x20 ../../BSP/Debug\libBSP.a(timers.o)
 .debug_aranges
                0x00000100       0x20 ../../BSP/Debug\libBSP.a(uart.o)
 .debug_aranges
                0x00000120       0x20 ../../BSP/Debug\libBSP.a(uda1341ts.o)
 .debug_aranges
                0x00000140       0x20 ../../BSP/Debug\libBSP.a(dma.o)
 .debug_aranges
                0x00000160       0x20 ../../BSP/Debug\libBSP.a(l3.o)
 .debug_aranges
                0x00000180       0x20 ../../BSP/Debug\libBSP.a(leds.o)
 .debug_aranges
                0x000001a0       0x20 ../../BSP/Debug\libBSP.a(segs.o)

.debug_str      0x00000000      0xbe8
 .debug_str     0x00000000      0x2e5 ./proyecto.o
                                0x336 (size before relaxing)
 .debug_str     0x000002e5       0xeb ../../BSP/Debug\libBSP.a(iis.o)
                                0x189 (size before relaxing)
 .debug_str     0x000003d0       0x89 ../../BSP/Debug\libBSP.a(keypad.o)
                                0x174 (size before relaxing)
 .debug_str     0x00000459      0x122 ../../BSP/Debug\libBSP.a(lcd.o)
                                0x24e (size before relaxing)
 .debug_str     0x0000057b       0x69 ../../BSP/Debug\libBSP.a(pbs.o)
                                0x154 (size before relaxing)
 .debug_str     0x000005e4       0x36 ../../BSP/Debug\libBSP.a(power.o)
                                0x111 (size before relaxing)
 .debug_str     0x0000061a      0x2ff ../../BSP/Debug\libBSP.a(system.o)
                                0x3e9 (size before relaxing)
 .debug_str     0x00000919       0xe0 ../../BSP/Debug\libBSP.a(timers.o)
                                0x1cc (size before relaxing)
 .debug_str     0x000009f9       0x7f ../../BSP/Debug\libBSP.a(uart.o)
                                0x16d (size before relaxing)
 .debug_str     0x00000a78       0x90 ../../BSP/Debug\libBSP.a(uda1341ts.o)
                                0x16a (size before relaxing)
 .debug_str     0x00000b08       0x2f ../../BSP/Debug\libBSP.a(dma.o)
                                0x104 (size before relaxing)
 .debug_str     0x00000b37       0x12 ../../BSP/Debug\libBSP.a(font8x16.o)
                                 0xeb (size before relaxing)
 .debug_str     0x00000b49       0x1f ../../BSP/Debug\libBSP.a(l3.o)
                                0x109 (size before relaxing)
 .debug_str     0x00000b68       0x3d ../../BSP/Debug\libBSP.a(leds.o)
                                0x118 (size before relaxing)
 .debug_str     0x00000ba5       0x43 ../../BSP/Debug\libBSP.a(segs.o)
                                0x124 (size before relaxing)

.comment        0x00000000       0x2a
 .comment       0x00000000       0x2a ./proyecto.o
                                 0x2b (size before relaxing)
 .comment       0x00000000       0x2b ../../BSP/Debug\libBSP.a(iis.o)
 .comment       0x00000000       0x2b ../../BSP/Debug\libBSP.a(keypad.o)
 .comment       0x00000000       0x2b ../../BSP/Debug\libBSP.a(lcd.o)
 .comment       0x00000000       0x2b ../../BSP/Debug\libBSP.a(pbs.o)
 .comment       0x00000000       0x2b ../../BSP/Debug\libBSP.a(power.o)
 .comment       0x00000000       0x2b ../../BSP/Debug\libBSP.a(system.o)
 .comment       0x00000000       0x2b ../../BSP/Debug\libBSP.a(timers.o)
 .comment       0x00000000       0x2b ../../BSP/Debug\libBSP.a(uart.o)
 .comment       0x00000000       0x2b ../../BSP/Debug\libBSP.a(uda1341ts.o)
 .comment       0x00000000       0x2b ../../BSP/Debug\libBSP.a(dma.o)
 .comment       0x00000000       0x2b ../../BSP/Debug\libBSP.a(font8x16.o)
 .comment       0x00000000       0x2b ../../BSP/Debug\libBSP.a(l3.o)
 .comment       0x00000000       0x2b ../../BSP/Debug\libBSP.a(leds.o)
 .comment       0x00000000       0x2b ../../BSP/Debug\libBSP.a(segs.o)

.ARM.attributes
                0x00000000       0x32
 .ARM.attributes
                0x00000000       0x32 ./proyecto.o
 .ARM.attributes
                0x00000032       0x32 ../../BSP/Debug\libBSP.a(iis.o)
 .ARM.attributes
                0x00000064       0x32 ../../BSP/Debug\libBSP.a(keypad.o)
 .ARM.attributes
                0x00000096       0x32 ../../BSP/Debug\libBSP.a(lcd.o)
 .ARM.attributes
                0x000000c8       0x32 ../../BSP/Debug\libBSP.a(pbs.o)
 .ARM.attributes
                0x000000fa       0x32 ../../BSP/Debug\libBSP.a(power.o)
 .ARM.attributes
                0x0000012c       0x32 ../../BSP/Debug\libBSP.a(system.o)
 .ARM.attributes
                0x0000015e       0x32 ../../BSP/Debug\libBSP.a(timers.o)
 .ARM.attributes
                0x00000190       0x32 ../../BSP/Debug\libBSP.a(uart.o)
 .ARM.attributes
                0x000001c2       0x32 ../../BSP/Debug\libBSP.a(uda1341ts.o)
 .ARM.attributes
                0x000001f4       0x32 ../../BSP/Debug\libBSP.a(dma.o)
 .ARM.attributes
                0x00000226       0x32 ../../BSP/Debug\libBSP.a(font8x16.o)
 .ARM.attributes
                0x00000258       0x32 ../../BSP/Debug\libBSP.a(l3.o)
 .ARM.attributes
                0x0000028a       0x32 ../../BSP/Debug\libBSP.a(leds.o)
 .ARM.attributes
                0x000002bc       0x32 ../../BSP/Debug\libBSP.a(segs.o)
 .ARM.attributes
                0x000002ee       0x1a c:/eclipsearm/eclipsearm/sourcery-g++-lite-arm-2011.03/bin/../lib/gcc/arm-none-eabi/4.5.2\libgcc.a(_udivsi3.o)
 .ARM.attributes
                0x00000308       0x18 c:/eclipsearm/eclipsearm/sourcery-g++-lite-arm-2011.03/bin/../lib/gcc/arm-none-eabi/4.5.2\libgcc.a(_dvmd_tls.o)
 .ARM.attributes
                0x00000320       0x1a c:/eclipsearm/eclipsearm/sourcery-g++-lite-arm-2011.03/bin/../lib/gcc/arm-none-eabi/4.5.2\libgcc.a(_aeabi_uldivmod.o)
 .ARM.attributes
                0x0000033a       0x34 c:/eclipsearm/eclipsearm/sourcery-g++-lite-arm-2011.03/bin/../lib/gcc/arm-none-eabi/4.5.2\libgcc.a(bpabi.o)
 .ARM.attributes
                0x0000036e       0x34 c:/eclipsearm/eclipsearm/sourcery-g++-lite-arm-2011.03/bin/../lib/gcc/arm-none-eabi/4.5.2\libgcc.a(_divdi3.o)
 .ARM.attributes
                0x000003a2       0x34 c:/eclipsearm/eclipsearm/sourcery-g++-lite-arm-2011.03/bin/../lib/gcc/arm-none-eabi/4.5.2\libgcc.a(_udivdi3.o)
 .ARM.attributes
                0x000003d6       0x1a c:/eclipsearm/eclipsearm/sourcery-g++-lite-arm-2011.03/bin/../lib/gcc/arm-none-eabi/4.5.2\libgcc.a(_clzsi2.o)

.debug_frame    0x00000000     0x17a8
 .debug_frame   0x00000000      0x37c ./proyecto.o
 .debug_frame   0x0000037c      0x158 ../../BSP/Debug\libBSP.a(iis.o)
 .debug_frame   0x000004d4      0x110 ../../BSP/Debug\libBSP.a(keypad.o)
 .debug_frame   0x000005e4      0x270 ../../BSP/Debug\libBSP.a(lcd.o)
 .debug_frame   0x00000854      0x110 ../../BSP/Debug\libBSP.a(pbs.o)
 .debug_frame   0x00000964       0x70 ../../BSP/Debug\libBSP.a(power.o)
 .debug_frame   0x000009d4      0x714 ../../BSP/Debug\libBSP.a(system.o)
 .debug_frame   0x000010e8      0x1b8 ../../BSP/Debug\libBSP.a(timers.o)
 .debug_frame   0x000012a0      0x130 ../../BSP/Debug\libBSP.a(uart.o)
 .debug_frame   0x000013d0       0xf0 ../../BSP/Debug\libBSP.a(uda1341ts.o)
 .debug_frame   0x000014c0       0x70 ../../BSP/Debug\libBSP.a(dma.o)
 .debug_frame   0x00001530       0x50 ../../BSP/Debug\libBSP.a(l3.o)
 .debug_frame   0x00001580       0xb0 ../../BSP/Debug\libBSP.a(leds.o)
 .debug_frame   0x00001630       0x90 ../../BSP/Debug\libBSP.a(segs.o)
 .debug_frame   0x000016c0       0x20 c:/eclipsearm/eclipsearm/sourcery-g++-lite-arm-2011.03/bin/../lib/gcc/arm-none-eabi/4.5.2\libgcc.a(_udivsi3.o)
 .debug_frame   0x000016e0       0x50 c:/eclipsearm/eclipsearm/sourcery-g++-lite-arm-2011.03/bin/../lib/gcc/arm-none-eabi/4.5.2\libgcc.a(bpabi.o)
 .debug_frame   0x00001730       0x3c c:/eclipsearm/eclipsearm/sourcery-g++-lite-arm-2011.03/bin/../lib/gcc/arm-none-eabi/4.5.2\libgcc.a(_divdi3.o)
 .debug_frame   0x0000176c       0x3c c:/eclipsearm/eclipsearm/sourcery-g++-lite-arm-2011.03/bin/../lib/gcc/arm-none-eabi/4.5.2\libgcc.a(_udivdi3.o)
